next-shadcn-admin-dashboard/src/app/(main)/auth/_components/social-auth/google-button.tsx(1,26): error TS2307: Cannot find module 'simple-icons' or its corresponding type declarations.
next-shadcn-admin-dashboard/src/app/(main)/auth/_components/social-auth/google-button.tsx(3,28): error TS2307: Cannot find module '@/components/simple-icon' or its corresponding type declarations.
next-shadcn-admin-dashboard/src/app/(main)/auth/v2/layout.tsx(6,28): error TS2307: Cannot find module '@/config/app-config' or its corresponding type declarations.
next-shadcn-admin-dashboard/src/app/(main)/auth/v2/login/page.tsx(5,28): error TS2307: Cannot find module '@/config/app-config' or its corresponding type declarations.
next-shadcn-admin-dashboard/src/app/(main)/auth/v2/register/page.tsx(5,28): error TS2307: Cannot find module '@/config/app-config' or its corresponding type declarations.
next-shadcn-admin-dashboard/src/app/(main)/dashboard/(legacy)/analytics-v1/_components/analytics-actions-manager-queue.tsx(3,10): error TS2305: Module '"@/lib/utils"' has no exported member 'formatCurrency'.
next-shadcn-admin-dashboard/src/app/(main)/dashboard/(legacy)/analytics-v1/_components/analytics-actions-risk-ledger.tsx(12,8): error TS2307: Cannot find module '@tanstack/react-table' or its corresponding type declarations.
next-shadcn-admin-dashboard/src/app/(main)/dashboard/(legacy)/analytics-v1/_components/analytics-actions-risk-ledger.tsx(18,14): error TS2305: Module '"@/lib/utils"' has no exported member 'formatCurrency'.
next-shadcn-admin-dashboard/src/app/(main)/dashboard/(legacy)/analytics-v1/_components/analytics-actions-risk-ledger.tsx(179,14): error TS7031: Binding element 'row' implicitly has an 'any' type.
next-shadcn-admin-dashboard/src/app/(main)/dashboard/(legacy)/analytics-v1/_components/analytics-actions-risk-ledger.tsx(191,14): error TS7031: Binding element 'row' implicitly has an 'any' type.
next-shadcn-admin-dashboard/src/app/(main)/dashboard/(legacy)/analytics-v1/_components/analytics-actions-risk-ledger.tsx(196,14): error TS7031: Binding element 'row' implicitly has an 'any' type.
next-shadcn-admin-dashboard/src/app/(main)/dashboard/(legacy)/analytics-v1/_components/analytics-actions-risk-ledger.tsx(201,14): error TS7031: Binding element 'row' implicitly has an 'any' type.
next-shadcn-admin-dashboard/src/app/(main)/dashboard/(legacy)/analytics-v1/_components/analytics-actions-risk-ledger.tsx(206,14): error TS7031: Binding element 'row' implicitly has an 'any' type.
next-shadcn-admin-dashboard/src/app/(main)/dashboard/(legacy)/analytics-v1/_components/analytics-actions-risk-ledger.tsx(211,14): error TS7031: Binding element 'row' implicitly has an 'any' type.
next-shadcn-admin-dashboard/src/app/(main)/dashboard/(legacy)/analytics-v1/_components/analytics-actions-risk-ledger.tsx(214,75): error TS7053: Element implicitly has an 'any' type because expression of type 'any' can't be used to index type 'Record<"Escalate" | "Coach" | "Reforecast", string>'.
next-shadcn-admin-dashboard/src/app/(main)/dashboard/(legacy)/analytics-v1/_components/analytics-actions-risk-ledger.tsx(224,16): error TS7031: Binding element 'column' implicitly has an 'any' type.
next-shadcn-admin-dashboard/src/app/(main)/dashboard/(legacy)/analytics-v1/_components/analytics-actions-risk-ledger.tsx(236,14): error TS7031: Binding element 'row' implicitly has an 'any' type.
next-shadcn-admin-dashboard/src/app/(main)/dashboard/(legacy)/analytics-v1/_components/analytics-actions-risk-ledger.tsx(261,16): error TS7006: Parameter 'row' implicitly has an 'any' type.
next-shadcn-admin-dashboard/src/app/(main)/dashboard/(legacy)/analytics-v1/_components/analytics-actions-risk-ledger.tsx(295,45): error TS7006: Parameter 'headerGroup' implicitly has an 'any' type.
next-shadcn-admin-dashboard/src/app/(main)/dashboard/(legacy)/analytics-v1/_components/analytics-actions-risk-ledger.tsx(297,45): error TS7006: Parameter 'header' implicitly has an 'any' type.
next-shadcn-admin-dashboard/src/app/(main)/dashboard/(legacy)/analytics-v1/_components/analytics-actions-risk-ledger.tsx(306,46): error TS7006: Parameter 'row' implicitly has an 'any' type.
next-shadcn-admin-dashboard/src/app/(main)/dashboard/(legacy)/analytics-v1/_components/analytics-actions-risk-ledger.tsx(308,47): error TS7006: Parameter 'cell' implicitly has an 'any' type.
next-shadcn-admin-dashboard/src/app/(main)/dashboard/(legacy)/analytics-v1/_components/analytics-overview.tsx(10,33): error TS2307: Cannot find module '@/components/date-range-picker' or its corresponding type declarations.
next-shadcn-admin-dashboard/src/app/(main)/dashboard/(legacy)/crm-v1/_components/operational-cards.tsx(10,14): error TS2305: Module '"@/lib/utils"' has no exported member 'formatCurrency'.
next-shadcn-admin-dashboard/src/app/(main)/dashboard/(legacy)/crm-v1/_components/recent-leads-table/columns.tsx(4,32): error TS2307: Cannot find module '@tanstack/react-table' or its corresponding type declarations.
next-shadcn-admin-dashboard/src/app/(main)/dashboard/(legacy)/crm-v1/_components/recent-leads-table/columns.tsx(24,16): error TS7031: Binding element 'table' implicitly has an 'any' type.
next-shadcn-admin-dashboard/src/app/(main)/dashboard/(legacy)/crm-v1/_components/recent-leads-table/columns.tsx(33,14): error TS7031: Binding element 'row' implicitly has an 'any' type.
next-shadcn-admin-dashboard/src/app/(main)/dashboard/(legacy)/crm-v1/_components/recent-leads-table/columns.tsx(47,14): error TS7031: Binding element 'row' implicitly has an 'any' type.
next-shadcn-admin-dashboard/src/app/(main)/dashboard/(legacy)/crm-v1/_components/recent-leads-table/columns.tsx(53,14): error TS7031: Binding element 'row' implicitly has an 'any' type.
next-shadcn-admin-dashboard/src/app/(main)/dashboard/(legacy)/crm-v1/_components/recent-leads-table/columns.tsx(59,14): error TS7031: Binding element 'row' implicitly has an 'any' type.
next-shadcn-admin-dashboard/src/app/(main)/dashboard/(legacy)/crm-v1/_components/recent-leads-table/columns.tsx(64,14): error TS7031: Binding element 'row' implicitly has an 'any' type.
next-shadcn-admin-dashboard/src/app/(main)/dashboard/(legacy)/crm-v1/_components/recent-leads-table/columns.tsx(69,14): error TS7031: Binding element 'row' implicitly has an 'any' type.
next-shadcn-admin-dashboard/src/app/(main)/dashboard/(legacy)/crm-v1/_components/recent-leads-table/columns.tsx(74,14): error TS7031: Binding element 'row' implicitly has an 'any' type.
next-shadcn-admin-dashboard/src/app/(main)/dashboard/(legacy)/crm-v1/_components/recent-leads-table/table.tsx(15,8): error TS2307: Cannot find module '@tanstack/react-table' or its corresponding type declarations.
next-shadcn-admin-dashboard/src/app/(main)/dashboard/(legacy)/crm-v1/_components/recent-leads-table/table.tsx(71,16): error TS7006: Parameter 'row' implicitly has an 'any' type.
next-shadcn-admin-dashboard/src/app/(main)/dashboard/(legacy)/crm-v1/_components/recent-leads-table/table.tsx(103,30): error TS7006: Parameter 'column' implicitly has an 'any' type.
next-shadcn-admin-dashboard/src/app/(main)/dashboard/(legacy)/crm-v1/_components/recent-leads-table/table.tsx(104,27): error TS7006: Parameter 'column' implicitly has an 'any' type.
next-shadcn-admin-dashboard/src/app/(main)/dashboard/(legacy)/crm-v1/_components/recent-leads-table/table.tsx(127,45): error TS7006: Parameter 'headerGroup' implicitly has an 'any' type.
next-shadcn-admin-dashboard/src/app/(main)/dashboard/(legacy)/crm-v1/_components/recent-leads-table/table.tsx(129,45): error TS7006: Parameter 'header' implicitly has an 'any' type.
next-shadcn-admin-dashboard/src/app/(main)/dashboard/(legacy)/crm-v1/_components/recent-leads-table/table.tsx(139,47): error TS7006: Parameter 'row' implicitly has an 'any' type.
next-shadcn-admin-dashboard/src/app/(main)/dashboard/(legacy)/crm-v1/_components/recent-leads-table/table.tsx(141,49): error TS7006: Parameter 'cell' implicitly has an 'any' type.
next-shadcn-admin-dashboard/src/app/(main)/dashboard/(legacy)/default-v1/_components/proposal-sections-table/columns.tsx(4,29): error TS2307: Cannot find module '@dnd-kit/sortable' or its corresponding type declarations.
next-shadcn-admin-dashboard/src/app/(main)/dashboard/(legacy)/default-v1/_components/proposal-sections-table/columns.tsx(5,37): error TS2307: Cannot find module '@tanstack/react-table' or its corresponding type declarations.
next-shadcn-admin-dashboard/src/app/(main)/dashboard/(legacy)/default-v1/_components/proposal-sections-table/columns.tsx(6,28): error TS2307: Cannot find module '@tanstack/react-table' or its corresponding type declarations.
next-shadcn-admin-dashboard/src/app/(main)/dashboard/(legacy)/default-v1/_components/proposal-sections-table/columns.tsx(241,14): error TS7031: Binding element 'row' implicitly has an 'any' type.
next-shadcn-admin-dashboard/src/app/(main)/dashboard/(legacy)/default-v1/_components/proposal-sections-table/columns.tsx(247,16): error TS7031: Binding element 'table' implicitly has an 'any' type.
next-shadcn-admin-dashboard/src/app/(main)/dashboard/(legacy)/default-v1/_components/proposal-sections-table/columns.tsx(256,14): error TS7031: Binding element 'row' implicitly has an 'any' type.
next-shadcn-admin-dashboard/src/app/(main)/dashboard/(legacy)/default-v1/_components/proposal-sections-table/columns.tsx(271,14): error TS7031: Binding element 'row' implicitly has an 'any' type.
next-shadcn-admin-dashboard/src/app/(main)/dashboard/(legacy)/default-v1/_components/proposal-sections-table/columns.tsx(277,14): error TS7031: Binding element 'row' implicitly has an 'any' type.
next-shadcn-admin-dashboard/src/app/(main)/dashboard/(legacy)/default-v1/_components/proposal-sections-table/columns.tsx(288,14): error TS7031: Binding element 'row' implicitly has an 'any' type.
next-shadcn-admin-dashboard/src/app/(main)/dashboard/(legacy)/default-v1/_components/proposal-sections-table/columns.tsx(302,14): error TS7031: Binding element 'row' implicitly has an 'any' type.
next-shadcn-admin-dashboard/src/app/(main)/dashboard/(legacy)/default-v1/_components/proposal-sections-table/columns.tsx(318,14): error TS7031: Binding element 'row' implicitly has an 'any' type.
next-shadcn-admin-dashboard/src/app/(main)/dashboard/(legacy)/default-v1/_components/proposal-sections-table/columns.tsx(334,14): error TS7031: Binding element 'row' implicitly has an 'any' type.
next-shadcn-admin-dashboard/src/app/(main)/dashboard/(legacy)/default-v1/_components/proposal-sections-table/columns.tsx(404,35): error TS7006: Parameter 'cell' implicitly has an 'any' type.
next-shadcn-admin-dashboard/src/app/(main)/dashboard/(legacy)/default-v1/_components/proposal-sections-table/table.tsx(16,8): error TS2307: Cannot find module '@dnd-kit/core' or its corresponding type declarations.
next-shadcn-admin-dashboard/src/app/(main)/dashboard/(legacy)/default-v1/_components/proposal-sections-table/table.tsx(17,40): error TS2307: Cannot find module '@dnd-kit/modifiers' or its corresponding type declarations.
next-shadcn-admin-dashboard/src/app/(main)/dashboard/(legacy)/default-v1/_components/proposal-sections-table/table.tsx(18,73): error TS2307: Cannot find module '@dnd-kit/sortable' or its corresponding type declarations.
next-shadcn-admin-dashboard/src/app/(main)/dashboard/(legacy)/default-v1/_components/proposal-sections-table/table.tsx(31,8): error TS2307: Cannot find module '@tanstack/react-table' or its corresponding type declarations.
next-shadcn-admin-dashboard/src/app/(main)/dashboard/(legacy)/default-v1/_components/proposal-sections-table/table.tsx(94,16): error TS7006: Parameter 'row' implicitly has an 'any' type.
next-shadcn-admin-dashboard/src/app/(main)/dashboard/(legacy)/default-v1/_components/proposal-sections-table/table.tsx(169,26): error TS7006: Parameter 'column' implicitly has an 'any' type.
next-shadcn-admin-dashboard/src/app/(main)/dashboard/(legacy)/default-v1/_components/proposal-sections-table/table.tsx(170,23): error TS7006: Parameter 'column' implicitly has an 'any' type.
next-shadcn-admin-dashboard/src/app/(main)/dashboard/(legacy)/default-v1/_components/proposal-sections-table/table.tsx(199,47): error TS7006: Parameter 'headerGroup' implicitly has an 'any' type.
next-shadcn-admin-dashboard/src/app/(main)/dashboard/(legacy)/default-v1/_components/proposal-sections-table/table.tsx(201,47): error TS7006: Parameter 'header' implicitly has an 'any' type.
next-shadcn-admin-dashboard/src/app/(main)/dashboard/(legacy)/default-v1/_components/proposal-sections-table/table.tsx(212,52): error TS7006: Parameter 'row' implicitly has an 'any' type.
next-shadcn-admin-dashboard/src/app/(main)/dashboard/(legacy)/finance-v1/_components/card-overview.tsx(5,39): error TS2307: Cannot find module 'simple-icons' or its corresponding type declarations.
next-shadcn-admin-dashboard/src/app/(main)/dashboard/(legacy)/finance-v1/_components/card-overview.tsx(7,28): error TS2307: Cannot find module '@/components/simple-icon' or its corresponding type declarations.
next-shadcn-admin-dashboard/src/app/(main)/dashboard/(legacy)/finance-v1/_components/card-overview.tsx(11,10): error TS2305: Module '"@/lib/utils"' has no exported member 'formatCurrency'.
next-shadcn-admin-dashboard/src/app/(main)/dashboard/(legacy)/finance-v1/_components/cash-flow-overview.tsx(10,10): error TS2305: Module '"@/lib/utils"' has no exported member 'formatCurrency'.
next-shadcn-admin-dashboard/src/app/(main)/dashboard/(legacy)/finance-v1/_components/income-reliability.tsx(5,10): error TS2305: Module '"@/lib/utils"' has no exported member 'formatCurrency'.
next-shadcn-admin-dashboard/src/app/(main)/dashboard/(legacy)/finance-v1/_components/kpis/monthly-cash-flow.tsx(7,10): error TS2305: Module '"@/lib/utils"' has no exported member 'formatCurrency'.
next-shadcn-admin-dashboard/src/app/(main)/dashboard/(legacy)/finance-v1/_components/kpis/net-worth.tsx(7,10): error TS2305: Module '"@/lib/utils"' has no exported member 'formatCurrency'.
next-shadcn-admin-dashboard/src/app/(main)/dashboard/(legacy)/finance-v1/_components/kpis/primary-account.tsx(7,10): error TS2305: Module '"@/lib/utils"' has no exported member 'formatCurrency'.
next-shadcn-admin-dashboard/src/app/(main)/dashboard/(legacy)/finance-v1/_components/spending-breakdown.tsx(4,10): error TS2305: Module '"@/lib/utils"' has no exported member 'formatCurrency'.
next-shadcn-admin-dashboard/src/app/(main)/dashboard/_components/sidebar/account-switcher.tsx(16,14): error TS2305: Module '"@/lib/utils"' has no exported member 'getInitials'.
next-shadcn-admin-dashboard/src/app/(main)/dashboard/_components/sidebar/app-sidebar.tsx(6,28): error TS2307: Cannot find module 'zustand/react/shallow' or its corresponding type declarations.
next-shadcn-admin-dashboard/src/app/(main)/dashboard/_components/sidebar/app-sidebar.tsx(17,28): error TS2307: Cannot find module '@/config/app-config' or its corresponding type declarations.
next-shadcn-admin-dashboard/src/app/(main)/dashboard/_components/sidebar/app-sidebar.tsx(18,26): error TS2307: Cannot find module '@/data/users' or its corresponding type declarations.
next-shadcn-admin-dashboard/src/app/(main)/dashboard/_components/sidebar/app-sidebar.tsx(19,30): error TS2307: Cannot find module '@/navigation/sidebar/sidebar-items' or its corresponding type declarations.
next-shadcn-admin-dashboard/src/app/(main)/dashboard/_components/sidebar/app-sidebar.tsx(20,37): error TS2307: Cannot find module '@/stores/preferences/preferences-provider' or its corresponding type declarations.
next-shadcn-admin-dashboard/src/app/(main)/dashboard/_components/sidebar/app-sidebar.tsx(65,17): error TS7006: Parameter 's' implicitly has an 'any' type.
next-shadcn-admin-dashboard/src/app/(main)/dashboard/_components/sidebar/layout-controls.tsx(10,43): error TS2307: Cannot find module '@/lib/fonts/registry' or its corresponding type declarations.
next-shadcn-admin-dashboard/src/app/(main)/dashboard/_components/sidebar/layout-controls.tsx(11,85): error TS2307: Cannot find module '@/lib/preferences/layout' or its corresponding type declarations.
next-shadcn-admin-dashboard/src/app/(main)/dashboard/_components/sidebar/layout-controls.tsx(18,8): error TS2307: Cannot find module '@/lib/preferences/layout-utils' or its corresponding type declarations.
next-shadcn-admin-dashboard/src/app/(main)/dashboard/_components/sidebar/layout-controls.tsx(19,37): error TS2307: Cannot find module '@/lib/preferences/preferences-config' or its corresponding type declarations.
next-shadcn-admin-dashboard/src/app/(main)/dashboard/_components/sidebar/layout-controls.tsx(20,35): error TS2307: Cannot find module '@/lib/preferences/preferences-storage' or its corresponding type declarations.
next-shadcn-admin-dashboard/src/app/(main)/dashboard/_components/sidebar/layout-controls.tsx(21,72): error TS2307: Cannot find module '@/lib/preferences/theme' or its corresponding type declarations.
next-shadcn-admin-dashboard/src/app/(main)/dashboard/_components/sidebar/layout-controls.tsx(22,34): error TS2307: Cannot find module '@/lib/preferences/theme-utils' or its corresponding type declarations.
next-shadcn-admin-dashboard/src/app/(main)/dashboard/_components/sidebar/layout-controls.tsx(23,37): error TS2307: Cannot find module '@/stores/preferences/preferences-provider' or its corresponding type declarations.
next-shadcn-admin-dashboard/src/app/(main)/dashboard/_components/sidebar/layout-controls.tsx(26,42): error TS7006: Parameter 's' implicitly has an 'any' type.
next-shadcn-admin-dashboard/src/app/(main)/dashboard/_components/sidebar/layout-controls.tsx(27,50): error TS7006: Parameter 's' implicitly has an 'any' type.
next-shadcn-admin-dashboard/src/app/(main)/dashboard/_components/sidebar/layout-controls.tsx(28,45): error TS7006: Parameter 's' implicitly has an 'any' type.
next-shadcn-admin-dashboard/src/app/(main)/dashboard/_components/sidebar/layout-controls.tsx(29,44): error TS7006: Parameter 's' implicitly has an 'any' type.
next-shadcn-admin-dashboard/src/app/(main)/dashboard/_components/sidebar/layout-controls.tsx(30,47): error TS7006: Parameter 's' implicitly has an 'any' type.
next-shadcn-admin-dashboard/src/app/(main)/dashboard/_components/sidebar/layout-controls.tsx(31,46): error TS7006: Parameter 's' implicitly has an 'any' type.
next-shadcn-admin-dashboard/src/app/(main)/dashboard/_components/sidebar/layout-controls.tsx(32,49): error TS7006: Parameter 's' implicitly has an 'any' type.
next-shadcn-admin-dashboard/src/app/(main)/dashboard/_components/sidebar/layout-controls.tsx(33,44): error TS7006: Parameter 's' implicitly has an 'any' type.
next-shadcn-admin-dashboard/src/app/(main)/dashboard/_components/sidebar/layout-controls.tsx(34,47): error TS7006: Parameter 's' implicitly has an 'any' type.
next-shadcn-admin-dashboard/src/app/(main)/dashboard/_components/sidebar/layout-controls.tsx(35,40): error TS7006: Parameter 's' implicitly has an 'any' type.
next-shadcn-admin-dashboard/src/app/(main)/dashboard/_components/sidebar/layout-controls.tsx(36,50): error TS7006: Parameter 's' implicitly has an 'any' type.
next-shadcn-admin-dashboard/src/app/(main)/dashboard/_components/sidebar/layout-controls.tsx(37,44): error TS7006: Parameter 's' implicitly has an 'any' type.
next-shadcn-admin-dashboard/src/app/(main)/dashboard/_components/sidebar/layout-controls.tsx(38,54): error TS7006: Parameter 's' implicitly has an 'any' type.
next-shadcn-admin-dashboard/src/app/(main)/dashboard/_components/sidebar/layout-controls.tsx(39,37): error TS7006: Parameter 's' implicitly has an 'any' type.
next-shadcn-admin-dashboard/src/app/(main)/dashboard/_components/sidebar/layout-controls.tsx(40,40): error TS7006: Parameter 's' implicitly has an 'any' type.
next-shadcn-admin-dashboard/src/app/(main)/dashboard/_components/sidebar/layout-controls.tsx(121,48): error TS7006: Parameter 'preset' implicitly has an 'any' type.
next-shadcn-admin-dashboard/src/app/(main)/dashboard/_components/sidebar/layout-controls.tsx(146,39): error TS7006: Parameter 'font' implicitly has an 'any' type.
next-shadcn-admin-dashboard/src/app/(main)/dashboard/_components/sidebar/nav-main.tsx(28,44): error TS2307: Cannot find module '@/navigation/sidebar/sidebar-items' or its corresponding type declarations.
next-shadcn-admin-dashboard/src/app/(main)/dashboard/_components/sidebar/nav-main.tsx(80,35): error TS7006: Parameter 'subItem' implicitly has an 'any' type.
next-shadcn-admin-dashboard/src/app/(main)/dashboard/_components/sidebar/nav-main.tsx(121,32): error TS7006: Parameter 'subItem' implicitly has an 'any' type.
next-shadcn-admin-dashboard/src/app/(main)/dashboard/_components/sidebar/nav-main.tsx(150,29): error TS7006: Parameter 'sub' implicitly has an 'any' type.
next-shadcn-admin-dashboard/src/app/(main)/dashboard/_components/sidebar/nav-main.tsx(156,28): error TS7006: Parameter 'sub' implicitly has an 'any' type.
next-shadcn-admin-dashboard/src/app/(main)/dashboard/_components/sidebar/nav-main.tsx(189,33): error TS7006: Parameter 'item' implicitly has an 'any' type.
next-shadcn-admin-dashboard/src/app/(main)/dashboard/_components/sidebar/nav-user.tsx(16,10): error TS2305: Module '"@/lib/utils"' has no exported member 'getInitials'.
next-shadcn-admin-dashboard/src/app/(main)/dashboard/_components/sidebar/search-dialog.tsx(21,34): error TS2307: Cannot find module '@/navigation/sidebar/sidebar-items' or its corresponding type declarations.
next-shadcn-admin-dashboard/src/app/(main)/dashboard/_components/sidebar/search-dialog.tsx(22,30): error TS2307: Cannot find module '@/navigation/sidebar/sidebar-items' or its corresponding type declarations.
next-shadcn-admin-dashboard/src/app/(main)/dashboard/_components/sidebar/search-dialog.tsx(33,58): error TS7006: Parameter 'group' implicitly has an 'any' type.
next-shadcn-admin-dashboard/src/app/(main)/dashboard/_components/sidebar/search-dialog.tsx(39,57): error TS7006: Parameter 'group' implicitly has an 'any' type.
next-shadcn-admin-dashboard/src/app/(main)/dashboard/_components/sidebar/search-dialog.tsx(40,24): error TS7006: Parameter 'item' implicitly has an 'any' type.
next-shadcn-admin-dashboard/src/app/(main)/dashboard/_components/sidebar/search-dialog.tsx(42,33): error TS7006: Parameter 'sub' implicitly has an 'any' type.
next-shadcn-admin-dashboard/src/app/(main)/dashboard/_components/sidebar/sidebar-support-card.tsx(3,21): error TS2307: Cannot find module 'simple-icons' or its corresponding type declarations.
next-shadcn-admin-dashboard/src/app/(main)/dashboard/_components/sidebar/sidebar-support-card.tsx(5,28): error TS2307: Cannot find module '@/components/simple-icon' or its corresponding type declarations.
next-shadcn-admin-dashboard/src/app/(main)/dashboard/_components/sidebar/sidebar-support-card.tsx(10,11): error TS2322: Type '{ children: Element; size: string; className: string; }' is not assignable to type 'IntrinsicAttributes & ClassAttributes<HTMLDivElement> & HTMLAttributes<HTMLDivElement>'.
  Property 'size' does not exist on type 'IntrinsicAttributes & ClassAttributes<HTMLDivElement> & HTMLAttributes<HTMLDivElement>'.
next-shadcn-admin-dashboard/src/app/(main)/dashboard/_components/sidebar/theme-switcher.tsx(6,35): error TS2307: Cannot find module '@/lib/preferences/preferences-storage' or its corresponding type declarations.
next-shadcn-admin-dashboard/src/app/(main)/dashboard/_components/sidebar/theme-switcher.tsx(7,37): error TS2307: Cannot find module '@/stores/preferences/preferences-provider' or its corresponding type declarations.
next-shadcn-admin-dashboard/src/app/(main)/dashboard/_components/sidebar/theme-switcher.tsx(12,42): error TS7006: Parameter 's' implicitly has an 'any' type.
next-shadcn-admin-dashboard/src/app/(main)/dashboard/_components/sidebar/theme-switcher.tsx(13,45): error TS7006: Parameter 's' implicitly has an 'any' type.
next-shadcn-admin-dashboard/src/app/(main)/dashboard/academy/_components/performance-highlights.tsx(97,49): error TS2322: Type '{ children: Element; className: string; size: string; }' is not assignable to type 'IntrinsicAttributes & AvatarProps & RefAttributes<HTMLSpanElement>'.
  Property 'size' does not exist on type 'IntrinsicAttributes & AvatarProps & RefAttributes<HTMLSpanElement>'.
next-shadcn-admin-dashboard/src/app/(main)/dashboard/analytics/_components/realtime-visitors.tsx(4,30): error TS2724: '"recharts"' has no exported member named 'BarShapeProps'. Did you mean 'BrushProps'?
next-shadcn-admin-dashboard/src/app/(main)/dashboard/analytics/_components/top-traffic-sources.tsx(102,70): error TS2322: Type '{ children: Element[]; className: string; variant: string; }' is not assignable to type 'IntrinsicAttributes & TabsListProps & RefAttributes<HTMLDivElement>'.
  Property 'variant' does not exist on type 'IntrinsicAttributes & TabsListProps & RefAttributes<HTMLDivElement>'.
next-shadcn-admin-dashboard/src/app/(main)/dashboard/crm/_components/opportunities-section.tsx(15,8): error TS2307: Cannot find module '@tanstack/react-table' or its corresponding type declarations.
next-shadcn-admin-dashboard/src/app/(main)/dashboard/crm/_components/opportunities-section.tsx(71,16): error TS7006: Parameter 'row' implicitly has an 'any' type.
next-shadcn-admin-dashboard/src/app/(main)/dashboard/crm/_components/opportunities-section.tsx(174,47): error TS7006: Parameter 'headerGroup' implicitly has an 'any' type.
next-shadcn-admin-dashboard/src/app/(main)/dashboard/crm/_components/opportunities-section.tsx(176,47): error TS7006: Parameter 'header' implicitly has an 'any' type.
next-shadcn-admin-dashboard/src/app/(main)/dashboard/crm/_components/opportunities-section.tsx(186,49): error TS7006: Parameter 'row' implicitly has an 'any' type.
next-shadcn-admin-dashboard/src/app/(main)/dashboard/crm/_components/opportunities-section.tsx(188,51): error TS7006: Parameter 'cell' implicitly has an 'any' type.
next-shadcn-admin-dashboard/src/app/(main)/dashboard/crm/_components/opportunities-table/columns.tsx(4,32): error TS2307: Cannot find module '@tanstack/react-table' or its corresponding type declarations.
next-shadcn-admin-dashboard/src/app/(main)/dashboard/crm/_components/opportunities-table/columns.tsx(37,16): error TS7031: Binding element 'table' implicitly has an 'any' type.
next-shadcn-admin-dashboard/src/app/(main)/dashboard/crm/_components/opportunities-table/columns.tsx(44,14): error TS7031: Binding element 'row' implicitly has an 'any' type.
next-shadcn-admin-dashboard/src/app/(main)/dashboard/crm/_components/opportunities-table/columns.tsx(56,14): error TS7031: Binding element 'row' implicitly has an 'any' type.
next-shadcn-admin-dashboard/src/app/(main)/dashboard/crm/_components/opportunities-table/columns.tsx(62,14): error TS7031: Binding element 'row' implicitly has an 'any' type.
next-shadcn-admin-dashboard/src/app/(main)/dashboard/crm/_components/opportunities-table/columns.tsx(67,14): error TS7031: Binding element 'row' implicitly has an 'any' type.
next-shadcn-admin-dashboard/src/app/(main)/dashboard/crm/_components/opportunities-table/columns.tsx(77,14): error TS7031: Binding element 'row' implicitly has an 'any' type.
next-shadcn-admin-dashboard/src/app/(main)/dashboard/crm/_components/opportunities-table/columns.tsx(82,14): error TS7031: Binding element 'row' implicitly has an 'any' type.
next-shadcn-admin-dashboard/src/app/(main)/dashboard/crm/_components/opportunities-table/columns.tsx(101,14): error TS7031: Binding element 'row' implicitly has an 'any' type.
next-shadcn-admin-dashboard/src/app/(main)/dashboard/default/_components/recent-customers-table/columns.tsx(4,32): error TS2307: Cannot find module '@tanstack/react-table' or its corresponding type declarations.
next-shadcn-admin-dashboard/src/app/(main)/dashboard/default/_components/recent-customers-table/columns.tsx(31,16): error TS7031: Binding element 'table' implicitly has an 'any' type.
next-shadcn-admin-dashboard/src/app/(main)/dashboard/default/_components/recent-customers-table/columns.tsx(40,14): error TS7031: Binding element 'row' implicitly has an 'any' type.
next-shadcn-admin-dashboard/src/app/(main)/dashboard/default/_components/recent-customers-table/columns.tsx(54,14): error TS7031: Binding element 'row' implicitly has an 'any' type.
next-shadcn-admin-dashboard/src/app/(main)/dashboard/default/_components/recent-customers-table/columns.tsx(73,18): error TS7006: Parameter 'row' implicitly has an 'any' type.
next-shadcn-admin-dashboard/src/app/(main)/dashboard/default/_components/recent-customers-table/columns.tsx(81,14): error TS7031: Binding element 'row' implicitly has an 'any' type.
next-shadcn-admin-dashboard/src/app/(main)/dashboard/default/_components/recent-customers-table/columns.tsx(91,14): error TS7031: Binding element 'row' implicitly has an 'any' type.
next-shadcn-admin-dashboard/src/app/(main)/dashboard/default/_components/recent-customers-table/columns.tsx(101,14): error TS7031: Binding element 'row' implicitly has an 'any' type.
next-shadcn-admin-dashboard/src/app/(main)/dashboard/default/_components/recent-customers-table/columns.tsx(105,18): error TS7006: Parameter 'row' implicitly has an 'any' type.
next-shadcn-admin-dashboard/src/app/(main)/dashboard/default/_components/recent-customers-table/columns.tsx(118,14): error TS7031: Binding element 'row' implicitly has an 'any' type.
next-shadcn-admin-dashboard/src/app/(main)/dashboard/default/_components/recent-customers-table/table.tsx(17,8): error TS2307: Cannot find module '@tanstack/react-table' or its corresponding type declarations.
next-shadcn-admin-dashboard/src/app/(main)/dashboard/default/_components/recent-customers-table/table.tsx(94,16): error TS7006: Parameter 'row' implicitly has an 'any' type.
next-shadcn-admin-dashboard/src/app/(main)/dashboard/default/_components/recent-customers-table/table.tsx(247,43): error TS7006: Parameter 'headerGroup' implicitly has an 'any' type.
next-shadcn-admin-dashboard/src/app/(main)/dashboard/default/_components/recent-customers-table/table.tsx(249,43): error TS7006: Parameter 'header' implicitly has an 'any' type.
next-shadcn-admin-dashboard/src/app/(main)/dashboard/default/_components/recent-customers-table/table.tsx(259,45): error TS7006: Parameter 'row' implicitly has an 'any' type.
next-shadcn-admin-dashboard/src/app/(main)/dashboard/default/_components/recent-customers-table/table.tsx(261,47): error TS7006: Parameter 'cell' implicitly has an 'any' type.
next-shadcn-admin-dashboard/src/app/(main)/dashboard/ecommerce/_components/customer-reviews.tsx(3,34): error TS2305: Module '"@/components/ui/avatar"' has no exported member 'AvatarGroup'.
next-shadcn-admin-dashboard/src/app/(main)/dashboard/ecommerce/_components/customer-reviews.tsx(3,47): error TS2305: Module '"@/components/ui/avatar"' has no exported member 'AvatarGroupCount'.
next-shadcn-admin-dashboard/src/app/(main)/dashboard/ecommerce/_components/customer-reviews.tsx(42,52): error TS2820: Type '"icon-xs"' is not assignable to type '"default" | "icon" | "sm" | "lg" | "icon-sm" | "icon-lg" | null | undefined'. Did you mean '"icon-sm"'?
next-shadcn-admin-dashboard/src/app/(main)/dashboard/ecommerce/_components/customer-reviews.tsx(45,48): error TS2820: Type '"icon-xs"' is not assignable to type '"default" | "icon" | "sm" | "lg" | "icon-sm" | "icon-lg" | null | undefined'. Did you mean '"icon-sm"'?
next-shadcn-admin-dashboard/src/app/(main)/dashboard/ecommerce/_components/kpi-strip.tsx(228,34): error TS2322: Type '{ yAxisId: string; vertical: false; }' is not assignable to type 'IntrinsicAttributes & AcceptedSvgProps & CartesianGridProps'.
  Property 'yAxisId' does not exist on type 'IntrinsicAttributes & AcceptedSvgProps & CartesianGridProps'.
next-shadcn-admin-dashboard/src/app/(main)/dashboard/ecommerce/_components/recent-orders-table/columns.tsx(1,32): error TS2307: Cannot find module '@tanstack/react-table' or its corresponding type declarations.
next-shadcn-admin-dashboard/src/app/(main)/dashboard/ecommerce/_components/recent-orders-table/columns.tsx(89,16): error TS7031: Binding element 'table' implicitly has an 'any' type.
next-shadcn-admin-dashboard/src/app/(main)/dashboard/ecommerce/_components/recent-orders-table/columns.tsx(98,14): error TS7031: Binding element 'row' implicitly has an 'any' type.
next-shadcn-admin-dashboard/src/app/(main)/dashboard/ecommerce/_components/recent-orders-table/columns.tsx(113,14): error TS7031: Binding element 'row' implicitly has an 'any' type.
next-shadcn-admin-dashboard/src/app/(main)/dashboard/ecommerce/_components/recent-orders-table/columns.tsx(128,14): error TS7031: Binding element 'row' implicitly has an 'any' type.
next-shadcn-admin-dashboard/src/app/(main)/dashboard/ecommerce/_components/recent-orders-table/columns.tsx(134,16): error TS7006: Parameter 'row' implicitly has an 'any' type.
next-shadcn-admin-dashboard/src/app/(main)/dashboard/ecommerce/_components/recent-orders-table/columns.tsx(134,21): error TS7006: Parameter '_columnId' implicitly has an 'any' type.
next-shadcn-admin-dashboard/src/app/(main)/dashboard/ecommerce/_components/recent-orders-table/columns.tsx(134,32): error TS7006: Parameter 'value' implicitly has an 'any' type.
next-shadcn-admin-dashboard/src/app/(main)/dashboard/ecommerce/_components/recent-orders-table/columns.tsx(162,14): error TS7031: Binding element 'row' implicitly has an 'any' type.
next-shadcn-admin-dashboard/src/app/(main)/dashboard/ecommerce/_components/recent-orders-table/columns.tsx(167,14): error TS7031: Binding element 'row' implicitly has an 'any' type.
next-shadcn-admin-dashboard/src/app/(main)/dashboard/ecommerce/_components/recent-orders.tsx(16,8): error TS2307: Cannot find module '@tanstack/react-table' or its corresponding type declarations.
next-shadcn-admin-dashboard/src/app/(main)/dashboard/ecommerce/_components/recent-orders.tsx(62,16): error TS7006: Parameter 'row' implicitly has an 'any' type.
next-shadcn-admin-dashboard/src/app/(main)/dashboard/ecommerce/_components/recent-orders.tsx(123,13): error TS2322: Type '{ children: Element[]; className: string; onValueChange: (value: string) => void; size: "sm"; spacing: number; type: "single"; value: "All" | "Needs action" | "Unfulfilled" | "Unpaid" | "Returns"; }' is not assignable to type 'IntrinsicAttributes & (((ToggleGroupSingleProps | ToggleGroupMultipleProps) & RefAttributes<HTMLDivElement>) & VariantProps<...>)'.
  Property 'spacing' does not exist on type 'IntrinsicAttributes & ToggleGroupSingleProps & RefAttributes<HTMLDivElement> & VariantProps<(props?: (ConfigVariants<...> & ClassProp) | undefined) => string>'.
next-shadcn-admin-dashboard/src/app/(main)/dashboard/ecommerce/_components/recent-orders.tsx(146,45): error TS7006: Parameter 'headerGroup' implicitly has an 'any' type.
next-shadcn-admin-dashboard/src/app/(main)/dashboard/ecommerce/_components/recent-orders.tsx(148,45): error TS7006: Parameter 'header' implicitly has an 'any' type.
next-shadcn-admin-dashboard/src/app/(main)/dashboard/ecommerce/_components/recent-orders.tsx(158,47): error TS7006: Parameter 'row' implicitly has an 'any' type.
next-shadcn-admin-dashboard/src/app/(main)/dashboard/ecommerce/_components/recent-orders.tsx(160,49): error TS7006: Parameter 'cell' implicitly has an 'any' type.
next-shadcn-admin-dashboard/src/app/(main)/dashboard/ecommerce/_components/traffic-sources.tsx(5,63): error TS2307: Cannot find module 'simple-icons' or its corresponding type declarations.
next-shadcn-admin-dashboard/src/app/(main)/dashboard/ecommerce/_components/traffic-sources.tsx(7,28): error TS2307: Cannot find module '@/components/simple-icon' or its corresponding type declarations.
next-shadcn-admin-dashboard/src/app/(main)/dashboard/ecommerce/_components/traffic-sources.tsx(174,13): error TS4104: The type 'readonly [{ readonly name: "Meta"; readonly visits: "5,640"; readonly share: 38; readonly change: "+18%"; readonly icon: any; }, { readonly name: "Google"; readonly visits: "3,740"; readonly share: 25; readonly change: "-6%"; readonly icon: any; }, { ...; }, { ...; }, { ...; }]' is 'readonly' and cannot be assigned to the mutable type 'any[]'.
next-shadcn-admin-dashboard/src/app/(main)/dashboard/finance/_components/balance-distribution-card.tsx(10,10): error TS2305: Module '"@/lib/utils"' has no exported member 'formatCurrency'.
next-shadcn-admin-dashboard/src/app/(main)/dashboard/finance/_components/transactions-overview-card.tsx(8,10): error TS2305: Module '"@/lib/utils"' has no exported member 'formatCurrency'.
next-shadcn-admin-dashboard/src/app/(main)/dashboard/finance/_components/upcoming-transactions.tsx(5,46): error TS2307: Cannot find module 'simple-icons' or its corresponding type declarations.
next-shadcn-admin-dashboard/src/app/(main)/dashboard/finance/_components/upcoming-transactions.tsx(7,28): error TS2307: Cannot find module '@/components/simple-icon' or its corresponding type declarations.
next-shadcn-admin-dashboard/src/app/(main)/dashboard/finance/_components/upcoming-transactions.tsx(59,58): error TS2322: Type '"xs"' is not assignable to type '"default" | "sm" | null | undefined'.
next-shadcn-admin-dashboard/src/app/(main)/dashboard/finance/_components/wallet.tsx(1,70): error TS2307: Cannot find module 'simple-icons' or its corresponding type declarations.
next-shadcn-admin-dashboard/src/app/(main)/dashboard/finance/_components/wallet.tsx(3,28): error TS2307: Cannot find module '@/components/simple-icon' or its corresponding type declarations.
next-shadcn-admin-dashboard/src/app/(main)/dashboard/finance/page.tsx(28,21): error TS2322: Type '{ children: Element[]; variant: string; }' is not assignable to type 'IntrinsicAttributes & TabsListProps & RefAttributes<HTMLDivElement>'.
  Property 'variant' does not exist on type 'IntrinsicAttributes & TabsListProps & RefAttributes<HTMLDivElement>'.
next-shadcn-admin-dashboard/src/app/(main)/dashboard/layout.tsx(6,26): error TS2307: Cannot find module 'simple-icons' or its corresponding type declarations.
next-shadcn-admin-dashboard/src/app/(main)/dashboard/layout.tsx(8,28): error TS2307: Cannot find module '@/app/(main)/dashboard/_components/sidebar/app-sidebar' or its corresponding type declarations.
next-shadcn-admin-dashboard/src/app/(main)/dashboard/layout.tsx(9,28): error TS2307: Cannot find module '@/components/simple-icon' or its corresponding type declarations.
next-shadcn-admin-dashboard/src/app/(main)/dashboard/layout.tsx(13,23): error TS2307: Cannot find module '@/data/users' or its corresponding type declarations.
next-shadcn-admin-dashboard/src/app/(main)/dashboard/layout.tsx(14,68): error TS2307: Cannot find module '@/lib/preferences/layout' or its corresponding type declarations.
next-shadcn-admin-dashboard/src/app/(main)/dashboard/layout.tsx(16,31): error TS2307: Cannot find module '@/server/server-actions' or its corresponding type declarations.
next-shadcn-admin-dashboard/src/app/(main)/dashboard/mail/_components/data.tsx(2,55): error TS2307: Cannot find module 'simple-icons' or its corresponding type declarations.
next-shadcn-admin-dashboard/src/app/(main)/dashboard/mail/_components/mail-sidebar.tsx(22,14): error TS2305: Module '"@/lib/utils"' has no exported member 'getInitials'.
next-shadcn-admin-dashboard/src/app/(main)/dashboard/mail/_components/mail-sidebar.tsx(121,13): error TS2322: Type '{ children: Element[]; type: "single"; value: string; onValueChange: (value: string) => void; spacing: number; }' is not assignable to type 'IntrinsicAttributes & (((ToggleGroupSingleProps | ToggleGroupMultipleProps) & RefAttributes<HTMLDivElement>) & VariantProps<...>)'.
  Property 'spacing' does not exist on type 'IntrinsicAttributes & ToggleGroupSingleProps & RefAttributes<HTMLDivElement> & VariantProps<(props?: (ConfigVariants<...> & ClassProp) | undefined) => string>'.
next-shadcn-admin-dashboard/src/app/(main)/dashboard/mail/_components/mail-view.tsx(23,28): error TS2307: Cannot find module '@/components/simple-icon' or its corresponding type declarations.
next-shadcn-admin-dashboard/src/app/(main)/dashboard/mail/_components/mail-view.tsx(225,33): error TS2322: Type '"xs"' is not assignable to type '"default" | "icon" | "sm" | "lg" | "icon-sm" | "icon-lg" | null | undefined'.
next-shadcn-admin-dashboard/src/app/(main)/dashboard/mail/_components/mail.tsx(8,33): error TS2307: Cannot find module '@/lib/cookie.client' or its corresponding type declarations.
next-shadcn-admin-dashboard/src/app/(main)/dashboard/mail/_components/mail.tsx(97,7): error TS2322: Type '{ children: Element[]; orientation: string; onLayoutChanged: (layout: any) => void; className: string; }' is not assignable to type 'IntrinsicAttributes & Omit<HTMLAttributes<keyof HTMLElementTagNameMap>, "id"> & { autoSaveId?: string | null | undefined; ... 8 more ...; dir?: "auto" | ... 2 more ... | undefined; } & { ...; } & RefAttributes<...>'.
  Property 'orientation' does not exist on type 'IntrinsicAttributes & Omit<HTMLAttributes<keyof HTMLElementTagNameMap>, "id"> & { autoSaveId?: string | null | undefined; ... 8 more ...; dir?: "auto" | ... 2 more ... | undefined; } & { ...; } & RefAttributes<...>'.
next-shadcn-admin-dashboard/src/app/(main)/dashboard/mail/_components/mail.tsx(98,25): error TS7006: Parameter 'layout' implicitly has an 'any' type.
next-shadcn-admin-dashboard/src/app/(main)/dashboard/mail/_components/mail.tsx(106,9): error TS2322: Type 'string' is not assignable to type 'number'.
next-shadcn-admin-dashboard/src/app/(main)/dashboard/mail/_components/mail.tsx(107,9): error TS2322: Type 'string' is not assignable to type 'number'.
next-shadcn-admin-dashboard/src/app/(main)/dashboard/mail/_components/mail.tsx(109,9): error TS2322: Type 'string' is not assignable to type 'number'.
next-shadcn-admin-dashboard/src/app/(main)/dashboard/mail/_components/mail.tsx(110,9): error TS2322: Type 'string' is not assignable to type 'number'.
next-shadcn-admin-dashboard/src/app/(main)/dashboard/mail/_components/mail.tsx(112,39): error TS2339: Property 'inPixels' does not exist on type 'number'.
next-shadcn-admin-dashboard/src/app/(main)/dashboard/mail/_components/mail.tsx(121,47): error TS2322: Type 'string' is not assignable to type 'number'.
next-shadcn-admin-dashboard/src/app/(main)/dashboard/mail/_components/mail.tsx(121,84): error TS2322: Type 'string' is not assignable to type 'number'.
next-shadcn-admin-dashboard/src/app/(main)/dashboard/mail/_components/mail.tsx(125,49): error TS2322: Type 'string' is not assignable to type 'number'.
next-shadcn-admin-dashboard/src/app/(main)/dashboard/mail/_components/mail.tsx(125,86): error TS2322: Type 'string' is not assignable to type 'number'.
next-shadcn-admin-dashboard/src/app/(main)/dashboard/mail/_components/use-mail.ts(1,24): error TS2307: Cannot find module 'zustand' or its corresponding type declarations.
next-shadcn-admin-dashboard/src/app/(main)/dashboard/mail/_components/use-mail.ts(14,41): error TS7006: Parameter 'set' implicitly has an 'any' type.
next-shadcn-admin-dashboard/src/app/(main)/dashboard/mail/_components/use-mail.ts(18,13): error TS7006: Parameter 'mail' implicitly has an 'any' type.
next-shadcn-admin-dashboard/src/app/(main)/dashboard/mail/_components/use-mail.ts(22,30): error TS7006: Parameter 'state' implicitly has an 'any' type.
next-shadcn-admin-dashboard/src/app/(main)/dashboard/mail/_components/use-mail.ts(23,33): error TS7006: Parameter 'state' implicitly has an 'any' type.
next-shadcn-admin-dashboard/src/app/(main)/dashboard/mail/page.tsx(1,36): error TS2307: Cannot find module '@/server/server-actions' or its corresponding type declarations.
next-shadcn-admin-dashboard/src/app/(main)/dashboard/productivity/_components/calendar-panel.tsx(17,30): error TS2322: Type '{ children: Element; className: string; size: string; }' is not assignable to type 'IntrinsicAttributes & ClassAttributes<HTMLDivElement> & HTMLAttributes<HTMLDivElement>'.
  Property 'size' does not exist on type 'IntrinsicAttributes & ClassAttributes<HTMLDivElement> & HTMLAttributes<HTMLDivElement>'.
next-shadcn-admin-dashboard/src/app/layout.tsx(7,28): error TS2307: Cannot find module '@/config/app-config' or its corresponding type declarations.
next-shadcn-admin-dashboard/src/app/layout.tsx(8,26): error TS2307: Cannot find module '@/lib/fonts/registry' or its corresponding type declarations.
next-shadcn-admin-dashboard/src/app/layout.tsx(9,37): error TS2307: Cannot find module '@/lib/preferences/preferences-config' or its corresponding type declarations.
next-shadcn-admin-dashboard/src/app/layout.tsx(10,33): error TS2307: Cannot find module '@/scripts/theme-boot' or its corresponding type declarations.
next-shadcn-admin-dashboard/src/app/layout.tsx(11,42): error TS2307: Cannot find module '@/stores/preferences/preferences-provider' or its corresponding type declarations.
next-shadcn-admin-dashboard/src/components/simple-icon.tsx(5,51): error TS2307: Cannot find module 'simple-icons' or its corresponding type declarations.
next-shadcn-admin-dashboard/src/components/ui/accordion.tsx(4,49): error TS2307: Cannot find module 'radix-ui' or its corresponding type declarations.
next-shadcn-admin-dashboard/src/components/ui/alert-dialog.tsx(4,53): error TS2307: Cannot find module 'radix-ui' or its corresponding type declarations.
next-shadcn-admin-dashboard/src/components/ui/aspect-ratio.tsx(3,53): error TS2307: Cannot find module 'radix-ui' or its corresponding type declarations.
next-shadcn-admin-dashboard/src/components/ui/avatar.tsx(4,43): error TS2307: Cannot find module 'radix-ui' or its corresponding type declarations.
next-shadcn-admin-dashboard/src/components/ui/badge.tsx(3,22): error TS2307: Cannot find module 'radix-ui' or its corresponding type declarations.
next-shadcn-admin-dashboard/src/components/ui/breadcrumb.tsx(2,22): error TS2307: Cannot find module 'radix-ui' or its corresponding type declarations.
next-shadcn-admin-dashboard/src/components/ui/button-group.tsx(2,22): error TS2307: Cannot find module 'radix-ui' or its corresponding type declarations.
next-shadcn-admin-dashboard/src/components/ui/button.tsx(3,22): error TS2307: Cannot find module 'radix-ui' or its corresponding type declarations.
next-shadcn-admin-dashboard/src/components/ui/chart.tsx(5,15): error TS2305: Module '"recharts"' has no exported member 'TooltipValueType'.
next-shadcn-admin-dashboard/src/components/ui/checkbox.tsx(4,47): error TS2307: Cannot find module 'radix-ui' or its corresponding type declarations.
next-shadcn-admin-dashboard/src/components/ui/collapsible.tsx(3,53): error TS2307: Cannot find module 'radix-ui' or its corresponding type declarations.
next-shadcn-admin-dashboard/src/components/ui/combobox.tsx(4,47): error TS2307: Cannot find module '@base-ui/react' or its corresponding type declarations.
next-shadcn-admin-dashboard/src/components/ui/combobox.tsx(254,43): error TS2820: Type '"icon-xs"' is not assignable to type '"default" | "icon" | "sm" | "lg" | "icon-sm" | "icon-lg" | null | undefined'. Did you mean '"icon-sm"'?
next-shadcn-admin-dashboard/src/components/ui/context-menu.tsx(4,53): error TS2307: Cannot find module 'radix-ui' or its corresponding type declarations.
next-shadcn-admin-dashboard/src/components/ui/dialog.tsx(4,43): error TS2307: Cannot find module 'radix-ui' or its corresponding type declarations.
next-shadcn-admin-dashboard/src/components/ui/direction.tsx(4,27): error TS2307: Cannot find module 'radix-ui' or its corresponding type declarations.
next-shadcn-admin-dashboard/src/components/ui/dropdown-menu.tsx(4,55): error TS2307: Cannot find module 'radix-ui' or its corresponding type declarations.
next-shadcn-admin-dashboard/src/components/ui/hover-card.tsx(4,49): error TS2307: Cannot find module 'radix-ui' or its corresponding type declarations.
next-shadcn-admin-dashboard/src/components/ui/item.tsx(3,22): error TS2307: Cannot find module 'radix-ui' or its corresponding type declarations.
next-shadcn-admin-dashboard/src/components/ui/label.tsx(4,41): error TS2307: Cannot find module 'radix-ui' or its corresponding type declarations.
next-shadcn-admin-dashboard/src/components/ui/menubar.tsx(4,45): error TS2307: Cannot find module 'radix-ui' or its corresponding type declarations.
next-shadcn-admin-dashboard/src/components/ui/navigation-menu.tsx(3,59): error TS2307: Cannot find module 'radix-ui' or its corresponding type declarations.
next-shadcn-admin-dashboard/src/components/ui/popover.tsx(4,45): error TS2307: Cannot find module 'radix-ui' or its corresponding type declarations.
next-shadcn-admin-dashboard/src/components/ui/progress.tsx(4,47): error TS2307: Cannot find module 'radix-ui' or its corresponding type declarations.
next-shadcn-admin-dashboard/src/components/ui/radio-group.tsx(4,51): error TS2307: Cannot find module 'radix-ui' or its corresponding type declarations.
next-shadcn-admin-dashboard/src/components/ui/resizable.tsx(10,23): error TS2694: Namespace '"C:/Users/Rayyan af/Downloads/online-tournament-registration/node_modules/react-resizable-panels/dist/react-resizable-panels.cjs"' has no exported member 'GroupProps'.
next-shadcn-admin-dashboard/src/components/ui/resizable.tsx(12,25): error TS2339: Property 'Group' does not exist on type 'typeof import("C:/Users/Rayyan af/Downloads/online-tournament-registration/node_modules/react-resizable-panels/dist/react-resizable-panels.cjs")'.
next-shadcn-admin-dashboard/src/components/ui/resizable.tsx(31,23): error TS2694: Namespace '"C:/Users/Rayyan af/Downloads/online-tournament-registration/node_modules/react-resizable-panels/dist/react-resizable-panels.cjs"' has no exported member 'SeparatorProps'.
next-shadcn-admin-dashboard/src/components/ui/resizable.tsx(35,25): error TS2339: Property 'Separator' does not exist on type 'typeof import("C:/Users/Rayyan af/Downloads/online-tournament-registration/node_modules/react-resizable-panels/dist/react-resizable-panels.cjs")'.
next-shadcn-admin-dashboard/src/components/ui/resizable.tsx(46,26): error TS2339: Property 'Separator' does not exist on type 'typeof import("C:/Users/Rayyan af/Downloads/online-tournament-registration/node_modules/react-resizable-panels/dist/react-resizable-panels.cjs")'.
next-shadcn-admin-dashboard/src/components/ui/scroll-area.tsx(4,51): error TS2307: Cannot find module 'radix-ui' or its corresponding type declarations.
next-shadcn-admin-dashboard/src/components/ui/select.tsx(4,43): error TS2307: Cannot find module 'radix-ui' or its corresponding type declarations.
next-shadcn-admin-dashboard/src/components/ui/separator.tsx(4,49): error TS2307: Cannot find module 'radix-ui' or its corresponding type declarations.
next-shadcn-admin-dashboard/src/components/ui/sheet.tsx(4,42): error TS2307: Cannot find module 'radix-ui' or its corresponding type declarations.
next-shadcn-admin-dashboard/src/components/ui/sidebar.tsx(5,22): error TS2307: Cannot find module 'radix-ui' or its corresponding type declarations.
next-shadcn-admin-dashboard/src/components/ui/slider.tsx(4,43): error TS2307: Cannot find module 'radix-ui' or its corresponding type declarations.
next-shadcn-admin-dashboard/src/components/ui/switch.tsx(4,43): error TS2307: Cannot find module 'radix-ui' or its corresponding type declarations.
next-shadcn-admin-dashboard/src/components/ui/tabs.tsx(5,39): error TS2307: Cannot find module 'radix-ui' or its corresponding type declarations.
next-shadcn-admin-dashboard/src/components/ui/toggle-group.tsx(5,53): error TS2307: Cannot find module 'radix-ui' or its corresponding type declarations.
next-shadcn-admin-dashboard/src/components/ui/toggle.tsx(5,43): error TS2307: Cannot find module 'radix-ui' or its corresponding type declarations.
next-shadcn-admin-dashboard/src/components/ui/tooltip.tsx(4,45): error TS2307: Cannot find module 'radix-ui' or its corresponding type declarations.
next-shadcn-admin-dashboard/src/lib/fonts/registry.ts(21,34): error TS2307: Cannot find module 'geist/font/pixel' or its corresponding type declarations.
next-shadcn-admin-dashboard/src/lib/preferences/preferences-config.ts(14,30): error TS2307: Cannot find module '@/lib/fonts/registry' or its corresponding type declarations.
next-shadcn-admin-dashboard/src/lib/preferences/preferences-storage.ts(3,34): error TS2307: Cannot find module '@/server/server-actions' or its corresponding type declarations.
next-shadcn-admin-dashboard/src/scripts/theme-boot.tsx(9,61): error TS2307: Cannot find module '@/lib/preferences/preferences-config' or its corresponding type declarations.
next-shadcn-admin-dashboard/src/stores/preferences/preferences-provider.tsx(5,41): error TS2307: Cannot find module 'zustand' or its corresponding type declarations.
next-shadcn-admin-dashboard/src/stores/preferences/preferences-provider.tsx(7,44): error TS2307: Cannot find module '@/lib/fonts/registry' or its corresponding type declarations.
next-shadcn-admin-dashboard/src/stores/preferences/preferences-provider.tsx(13,8): error TS2307: Cannot find module '@/lib/preferences/layout' or its corresponding type declarations.
next-shadcn-admin-dashboard/src/stores/preferences/preferences-provider.tsx(14,56): error TS2307: Cannot find module '@/lib/preferences/theme' or its corresponding type declarations.
next-shadcn-admin-dashboard/src/stores/preferences/preferences-provider.tsx(15,56): error TS2307: Cannot find module '@/lib/preferences/theme-utils' or its corresponding type declarations.
next-shadcn-admin-dashboard/src/stores/preferences/preferences-provider.tsx(77,21): error TS7006: Parameter 'prev' implicitly has an 'any' type.
next-shadcn-admin-dashboard/src/stores/preferences/preferences-provider.tsx(90,23): error TS7006: Parameter 'prev' implicitly has an 'any' type.
next-shadcn-admin-dashboard/src/stores/preferences/preferences-provider.tsx(95,27): error TS7006: Parameter 'prev' implicitly has an 'any' type.
next-shadcn-admin-dashboard/src/stores/preferences/preferences-provider.tsx(103,47): error TS7006: Parameter 's' implicitly has an 'any' type.
next-shadcn-admin-dashboard/src/stores/preferences/preferences-provider.tsx(103,50): error TS7006: Parameter 'p' implicitly has an 'any' type.
next-shadcn-admin-dashboard/src/stores/preferences/preferences-store.ts(1,29): error TS2307: Cannot find module 'zustand/vanilla' or its corresponding type declarations.
next-shadcn-admin-dashboard/src/stores/preferences/preferences-store.ts(3,30): error TS2307: Cannot find module '@/lib/fonts/registry' or its corresponding type declarations.
next-shadcn-admin-dashboard/src/stores/preferences/preferences-store.ts(4,85): error TS2307: Cannot find module '@/lib/preferences/layout' or its corresponding type declarations.
next-shadcn-admin-dashboard/src/stores/preferences/preferences-store.ts(5,37): error TS2307: Cannot find module '@/lib/preferences/preferences-config' or its corresponding type declarations.
next-shadcn-admin-dashboard/src/stores/preferences/preferences-store.ts(6,64): error TS2307: Cannot find module '@/lib/preferences/theme' or its corresponding type declarations.
next-shadcn-admin-dashboard/src/stores/preferences/preferences-store.ts(30,36): error TS7006: Parameter 'set' implicitly has an 'any' type.
next-shadcn-admin-dashboard/src/stores/preferences/preferences-store.ts(39,20): error TS7006: Parameter 'mode' implicitly has an 'any' type.
next-shadcn-admin-dashboard/src/stores/preferences/preferences-store.ts(40,28): error TS7006: Parameter 'mode' implicitly has an 'any' type.
next-shadcn-admin-dashboard/src/stores/preferences/preferences-store.ts(41,22): error TS7006: Parameter 'preset' implicitly has an 'any' type.
next-shadcn-admin-dashboard/src/stores/preferences/preferences-store.ts(42,15): error TS7006: Parameter 'font' implicitly has an 'any' type.
next-shadcn-admin-dashboard/src/stores/preferences/preferences-store.ts(43,24): error TS7006: Parameter 'layout' implicitly has an 'any' type.
next-shadcn-admin-dashboard/src/stores/preferences/preferences-store.ts(44,22): error TS7006: Parameter 'style' implicitly has an 'any' type.
next-shadcn-admin-dashboard/src/stores/preferences/preferences-store.ts(45,25): error TS7006: Parameter 'variant' implicitly has an 'any' type.
next-shadcn-admin-dashboard/src/stores/preferences/preferences-store.ts(46,29): error TS7006: Parameter 'mode' implicitly has an 'any' type.
next-shadcn-admin-dashboard/src/stores/preferences/preferences-store.ts(48,19): error TS7006: Parameter 'val' implicitly has an 'any' type.
